[awokendreams.shop/index.html]
[cdn.shopify.com/s/files/1/0505/5686/2629/t/3/assets/themedb75.css]
[cdn.shopify.com/s/files/1/0505/5686/2629/t/3/assets/themeb9be.js]
[backblue.gif]
[fade.gif]
[index.html]
[cdn.shopify.com/s/files/1/0505/5686/2629/t/3/assets/lazysizes3973.js]
[cdn.shopify.com/s/files/1/0505/5686/2629/t/3/assets/ajax-loaderd485.gif]
[cdn.shopify.com/s/files/1/0505/5686/2629/t/3/assets/ie11CustomProperties.min9e21.js]
[cdn.shopify.com/shopifycloud/storefront-recaptcha-v3/v0.6/index.js]
[cdn.shopify.com/shopifycloud/shopify/assets/storefront/load_feature-a5f1052ed1a8af5abd2f31dfef1a6c95288a6be319e39bfd7072f5f196d63612.js]
[cdn.shopify.com/shopifycloud/shopify/assets/shopify_pay/storefront-c31d2fa4962d2ef90b673e945ee33f4f87302b97d0882cd8e83a629b84b30dabb805.js]
[cdn.shopify.com/shopifycloud/shopify/assets/storefront/features-87e8399988880142f2c62771b9d8f2ff6c290b3ff745dd426eb0dfe0db9d1dae.js]
[awokendreams.shop/POST]
[cdn.shopify.com/s/trekkie.storefront.d8daae4e567311d393b5b6f23677c8264466f1ee.min.js]
[cdn.shopify.com/shopifycloud/shopify/assets/shop_events_listener-65cd0ba3fcd81a1df33f2510ec5bcf8c0e0958653b50e3965ec972dd638ee13f.js]
[cdn.shopify.com/shopifycloud/boomerang/shopify-boomerang-1.0.0.min.js]
[awokendreams.shop/style.css]
[awokendreams.shop/collections/all.html]
[cdn.shopify.com/s/files/1/0655/0211/8122/files/Awoken_Dreams_White_With_Black_Outline_Logo_Design1455.png]
[awokendreams.shop/index.html]
[cdn.shopify.com/s/files/1/0655/0211/8122/files/Screen_Shot_2022-09-05_at_10.28.54_AM2fbf.png]
[cdn.shopify.com/s/files/1/0505/5686/2629/t/3/assets/themedb75.css]
[awokendreams.shop/POST.html]
[awokendreams.shop/style.css]
[awokendreams.shop/collections/all.atom]
[awokendreams.shop/collections/all4658.html]
[awokendreams.shop/collections/POST]
[cdn.shopify.com/s/files/1/0505/5686/2629/files/Awoken_Dreams_White_With_Black_Outline_Logo_Design_300x300171a.png]
[cdn.shopify.com/s/files/1/0505/5686/2629/files/Awoken_Dreams_White_With_Black_Outline_Logo_Design_220x171a.png]
[awokendreams.shop/blogs/news.html]
[awokendreams.shop/account/login.html]
[awokendreams.shop/cart.html]
[awokendreams.shop/products/brown-shorts.html]
[cdn.shopify.com/s/files/1/0505/5686/2629/products/image_8f0c612f-7aeb-4646-92e5-602453cdc17c_{width}x604c.png]
[cdn.shopify.com/s/files/1/0505/5686/2629/products/image_8f0c612f-7aeb-4646-92e5-602453cdc17c_345x345@2x604c.png]
[awokendreams.shop/products/carpet-shorts.html]
[cdn.shopify.com/s/files/1/0505/5686/2629/products/image_9d63de11-f645-4e47-ad89-7767541da57e_{width}x3172.png]
[cdn.shopify.com/s/files/1/0505/5686/2629/products/image_9d63de11-f645-4e47-ad89-7767541da57e_345x345@2x3172.png]
[awokendreams.shop/products/cheetah-mesh-shorts.html]
[cdn.shopify.com/s/files/1/0505/5686/2629/products/image_53fcdffa-5070-4942-874b-f956d2a45446_{width}xd60f.png]
[cdn.shopify.com/s/files/1/0505/5686/2629/products/image_53fcdffa-5070-4942-874b-f956d2a45446_345x345@2xd60f.png]
[awokendreams.shop/products/coral-basic-shorts.html]
[cdn.shopify.com/s/files/1/0505/5686/2629/products/image_10183e8c-6ae6-40cc-887f-344510301960_{width}xed24.png]
[cdn.shopify.com/s/files/1/0505/5686/2629/products/image_10183e8c-6ae6-40cc-887f-344510301960_345x345@2xed24.png]
[awokendreams.shop/products/cotton-candy-shorts.html]
[cdn.shopify.com/s/files/1/0505/5686/2629/products/image_e53b9e87-211a-4d36-b0c8-b8bea5387279_{width}xac9c.png]
[cdn.shopify.com/s/files/1/0505/5686/2629/products/image_e53b9e87-211a-4d36-b0c8-b8bea5387279_345x345@2xac9c.png]
[awokendreams.shop/products/cream-rug-shorts.html]
[cdn.shopify.com/s/files/1/0505/5686/2629/products/image_f2cb7b99-36a7-4dd4-9e79-cc65f938a001_{width}x60bf.png]
[cdn.shopify.com/s/files/1/0505/5686/2629/products/image_f2cb7b99-36a7-4dd4-9e79-cc65f938a001_345x345@2x60bf.png]
[awokendreams.shop/products/cream-maroon-basic-shorts.html]
[cdn.shopify.com/s/files/1/0505/5686/2629/products/image_22a62b70-4015-4c78-bf54-a4a74cb3cf83_{width}xb3bb.png]
[cdn.shopify.com/s/files/1/0505/5686/2629/products/image_22a62b70-4015-4c78-bf54-a4a74cb3cf83_345x345@2xb3bb.png]
[awokendreams.shop/products/cream-shorts.html]
[cdn.shopify.com/s/files/1/0505/5686/2629/products/image_5edc86f5-69bb-417f-9cd5-f46b3899e887_{width}xc364.png]
[cdn.shopify.com/s/files/1/0505/5686/2629/products/image_5edc86f5-69bb-417f-9cd5-f46b3899e887_345x345@2xc364.png]
[awokendreams.shop/products/defeated-shorts.html]
[cdn.shopify.com/s/files/1/0505/5686/2629/products/image_3d8024b6-39de-4040-bab9-611331a424ea_{width}x35f1.png]
[cdn.shopify.com/s/files/1/0505/5686/2629/products/image_3d8024b6-39de-4040-bab9-611331a424ea_345x345@2x35f1.png]
[awokendreams.shop/products/empire-shorts.html]
[cdn.shopify.com/s/files/1/0505/5686/2629/products/image_5dbf6fed-b0a4-4656-8297-d849dacd1e6d_{width}xfa61.png]
[cdn.shopify.com/s/files/1/0505/5686/2629/products/image_5dbf6fed-b0a4-4656-8297-d849dacd1e6d_345x345@2xfa61.png]
[awokendreams.shop/products/grey-day-basic-shorts.html]
[cdn.shopify.com/s/files/1/0505/5686/2629/products/image_2f06bc0e-897f-4838-8c7e-c842e00f792f_{width}xd765.png]
[cdn.shopify.com/s/files/1/0505/5686/2629/products/image_2f06bc0e-897f-4838-8c7e-c842e00f792f_345x345@2xd765.png]
[awokendreams.shop/products/hands-shorts.html]
[cdn.shopify.com/s/files/1/0505/5686/2629/products/image_14f398e7-1275-43e8-ba78-672178287f55_{width}x063d.png]
[cdn.shopify.com/s/files/1/0505/5686/2629/products/image_14f398e7-1275-43e8-ba78-672178287f55_345x345@2x063d.png]
[awokendreams.shop/collections/all.html]
[cdn.shopify.com/s/files/1/0194/1736/6592/t/1/assets/booster-page-speed-optimizer3769.js]
[awokendreams.shop/collections/all2679.html]
[awokendreams.shop/collections/all9ba9.html]
[awokendreams.shop/products/haze-shorts.html]
[cdn.shopify.com/s/files/1/0505/5686/2629/products/image_b3a7c55c-7cc5-4ca1-a2fd-9d10fe4e06d4_{width}xdca3.png]
[cdn.shopify.com/s/files/1/0505/5686/2629/products/image_b3a7c55c-7cc5-4ca1-a2fd-9d10fe4e06d4_345x345@2xdca3.png]
[awokendreams.shop/products/la-shorts.html]
[cdn.shopify.com/s/files/1/0505/5686/2629/products/image_4d26d4cd-d225-4808-ba65-1b49e8b6a500_{width}xec4a.png]
[cdn.shopify.com/s/files/1/0505/5686/2629/products/image_4d26d4cd-d225-4808-ba65-1b49e8b6a500_345x345@2xec4a.png]
[awokendreams.shop/products/lemonade-basic-shorts.html]
[cdn.shopify.com/s/files/1/0505/5686/2629/products/image_8c6965de-c5fd-4f82-bc31-6be449a9097d_{width}xaf63.png]
[cdn.shopify.com/s/files/1/0505/5686/2629/products/image_8c6965de-c5fd-4f82-bc31-6be449a9097d_345x345@2xaf63.png]
[awokendreams.shop/products/maroon-rug-shorts.html]
[cdn.shopify.com/s/files/1/0505/5686/2629/products/image_cf156934-7089-4369-9f08-e7582f218208_{width}xeffc.png]
[cdn.shopify.com/s/files/1/0505/5686/2629/products/image_cf156934-7089-4369-9f08-e7582f218208_345x345@2xeffc.png]
[awokendreams.shop/products/olive-basic-shorts.html]
[cdn.shopify.com/s/files/1/0505/5686/2629/products/image_08efb029-2b23-4e5f-bf90-33582701b69d_{width}x1a58.png]
[cdn.shopify.com/s/files/1/0505/5686/2629/products/image_08efb029-2b23-4e5f-bf90-33582701b69d_345x345@2x1a58.png]
[awokendreams.shop/products/paint-shorts.html]
[cdn.shopify.com/s/files/1/0505/5686/2629/products/image_1c2251a4-e843-498a-8082-9e0994dfe5aa_{width}xbbd7.png]
[cdn.shopify.com/s/files/1/0505/5686/2629/products/image_1c2251a4-e843-498a-8082-9e0994dfe5aa_345x345@2xbbd7.png]
[awokendreams.shop/products/paisley-shorts.html]
[cdn.shopify.com/s/files/1/0505/5686/2629/products/image_fa1a6548-6f18-4ba1-b3b3-ba4c276e343b_{width}xef6a.png]
[cdn.shopify.com/s/files/1/0505/5686/2629/products/image_fa1a6548-6f18-4ba1-b3b3-ba4c276e343b_345x345@2xef6a.png]
[awokendreams.shop/products/patchwork-shorts.html]
[cdn.shopify.com/s/files/1/0505/5686/2629/products/image_75cf44fd-2103-42ed-a96c-6f23ba668fa4_{width}x6a56.png]
[cdn.shopify.com/s/files/1/0505/5686/2629/products/image_75cf44fd-2103-42ed-a96c-6f23ba668fa4_345x345@2x6a56.png]
[awokendreams.shop/products/pink-cheetah-shorts.html]
[cdn.shopify.com/s/files/1/0505/5686/2629/products/image_6c997fdb-f347-4fb1-84de-16dca822276a_{width}xeea1.png]
[cdn.shopify.com/s/files/1/0505/5686/2629/products/image_6c997fdb-f347-4fb1-84de-16dca822276a_345x345@2xeea1.png]
[awokendreams.shop/products/purple-swirl-shorts.html]
[cdn.shopify.com/s/files/1/0505/5686/2629/products/image_137c39cf-5296-45a7-ace2-e29547692352_{width}xcdc1.png]
[cdn.shopify.com/s/files/1/0505/5686/2629/products/image_137c39cf-5296-45a7-ace2-e29547692352_345x345@2xcdc1.png]
[awokendreams.shop/products/reaper-shorts.html]
[cdn.shopify.com/s/files/1/0505/5686/2629/products/image_{width}xa8f0.png]
[cdn.shopify.com/s/files/1/0505/5686/2629/products/image_345x345@2xa8f0.png]
[awokendreams.shop/products/santorini-shorts.html]
[cdn.shopify.com/s/files/1/0505/5686/2629/products/image_ce52b204-924c-4cf1-bd5d-997d8280b858_{width}x9df1.png]
[cdn.shopify.com/s/files/1/0505/5686/2629/products/image_ce52b204-924c-4cf1-bd5d-997d8280b858_345x345@2x9df1.png]
[awokendreams.shop/collections/all4658.html]
[awokendreams.shop/collections/POST.html]
[awokendreams.shop/blogs/news.atom]
[awokendreams.shop/blogs/POST.a1.delayed]
[awokendreams.shop/blogs/news.html]
[awokendreams.shop/blogs/news/about-us.html]
[cdn.shopify.com/shopifycloud/shopify/assets/themes_support/shopify_common-8ea6ac3faf357236a97f5de749df4da6e8436ca107bc3a4ee805cbf08bc47392.js]
[awokendreams.shop/account/POST]
[awokendreams.shop/account/login.html]
[awokendreams.shop/cart.html]
[awokendreams.shop/account/register.html]
[awokendreams.shop/products/brown-shorts.oembed]
[awokendreams.shop/products/POST]
[cdn.shopify.com/s/files/1/0505/5686/2629/products/image_8f0c612f-7aeb-4646-92e5-602453cdc17c_720x@2x604c.png]
[awokendreams.shop/products/brown-shorts.html]
[cdn.shopify.com/s/files/1/0505/5686/2629/products/image_8f0c612f-7aeb-4646-92e5-602453cdc17c_{width}x604c.html]
[awokendreams.shop/products/carpet-shorts.oembed]
[cdn.shopify.com/s/files/1/0505/5686/2629/products/image_9d63de11-f645-4e47-ad89-7767541da57e_720x@2x3172.png]
[awokendreams.shop/products/carpet-shorts.html]
[cdn.shopify.com/s/files/1/0505/5686/2629/products/image_9d63de11-f645-4e47-ad89-7767541da57e_{width}x3172.html]
[awokendreams.shop/products/cheetah-mesh-shorts.oembed]
[cdn.shopify.com/s/files/1/0505/5686/2629/products/image_53fcdffa-5070-4942-874b-f956d2a45446_720x@2xd60f.png]
[awokendreams.shop/products/cheetah-mesh-shorts.html]
[cdn.shopify.com/s/files/1/0505/5686/2629/products/image_53fcdffa-5070-4942-874b-f956d2a45446_{width}xd60f.html]
[awokendreams.shop/products/coral-basic-shorts.oembed]
[cdn.shopify.com/s/files/1/0505/5686/2629/products/image_10183e8c-6ae6-40cc-887f-344510301960_720x@2xed24.png]
[awokendreams.shop/products/coral-basic-shorts.html]
[cdn.shopify.com/s/files/1/0505/5686/2629/products/image_10183e8c-6ae6-40cc-887f-344510301960_{width}xed24.html]
[awokendreams.shop/products/cotton-candy-shorts.oembed]
[cdn.shopify.com/s/files/1/0505/5686/2629/products/image_e53b9e87-211a-4d36-b0c8-b8bea5387279_720x@2xac9c.png]
[awokendreams.shop/products/cotton-candy-shorts.html]
[cdn.shopify.com/s/files/1/0505/5686/2629/products/image_e53b9e87-211a-4d36-b0c8-b8bea5387279_{width}xac9c.html]
[awokendreams.shop/products/cream-rug-shorts.oembed]
[cdn.shopify.com/s/files/1/0505/5686/2629/products/image_f2cb7b99-36a7-4dd4-9e79-cc65f938a001_720x@2x60bf.png]
[awokendreams.shop/products/cream-rug-shorts.html]
[cdn.shopify.com/s/files/1/0505/5686/2629/products/image_f2cb7b99-36a7-4dd4-9e79-cc65f938a001_{width}x60bf.html]
[awokendreams.shop/products/cream-maroon-basic-shorts.oembed]
[cdn.shopify.com/s/files/1/0505/5686/2629/products/image_22a62b70-4015-4c78-bf54-a4a74cb3cf83_720x@2xb3bb.png]
[awokendreams.shop/products/cream-maroon-basic-shorts.html]
[cdn.shopify.com/s/files/1/0505/5686/2629/products/image_22a62b70-4015-4c78-bf54-a4a74cb3cf83_{width}xb3bb.html]
[awokendreams.shop/products/cream-shorts.oembed]
[cdn.shopify.com/s/files/1/0505/5686/2629/products/image_5edc86f5-69bb-417f-9cd5-f46b3899e887_720x@2xc364.png]
[awokendreams.shop/products/cream-shorts.html]
[cdn.shopify.com/s/files/1/0505/5686/2629/products/image_5edc86f5-69bb-417f-9cd5-f46b3899e887_{width}xc364.html]
[awokendreams.shop/products/defeated-shorts.oembed]
[cdn.shopify.com/s/files/1/0505/5686/2629/products/image_3d8024b6-39de-4040-bab9-611331a424ea_720x@2x35f1.png]
[awokendreams.shop/products/defeated-shorts.html]
[cdn.shopify.com/s/files/1/0505/5686/2629/products/image_3d8024b6-39de-4040-bab9-611331a424ea_{width}x35f1.html]
[awokendreams.shop/products/empire-shorts.oembed]
[cdn.shopify.com/s/files/1/0505/5686/2629/products/image_5dbf6fed-b0a4-4656-8297-d849dacd1e6d_720x@2xfa61.png]
[awokendreams.shop/products/empire-shorts.html]
[cdn.shopify.com/s/files/1/0505/5686/2629/products/image_5dbf6fed-b0a4-4656-8297-d849dacd1e6d_{width}xfa61.html]
[awokendreams.shop/products/grey-day-basic-shorts.oembed]
[cdn.shopify.com/s/files/1/0505/5686/2629/products/image_2f06bc0e-897f-4838-8c7e-c842e00f792f_720x@2xd765.png]
[awokendreams.shop/products/grey-day-basic-shorts.html]
[cdn.shopify.com/s/files/1/0505/5686/2629/products/image_2f06bc0e-897f-4838-8c7e-c842e00f792f_{width}xd765.html]
[awokendreams.shop/products/hands-shorts.oembed]
[cdn.shopify.com/s/files/1/0505/5686/2629/products/image_14f398e7-1275-43e8-ba78-672178287f55_720x@2x063d.png]
[awokendreams.shop/products/hands-shorts.html]
[cdn.shopify.com/s/files/1/0505/5686/2629/products/image_14f398e7-1275-43e8-ba78-672178287f55_{width}x063d.html]
[awokendreams.shop/collections/all2679.html]
[awokendreams.shop/products/scream-shorts.html]
[cdn.shopify.com/s/files/1/0505/5686/2629/products/image_6eac7135-4341-4105-a057-057760cb0ffc_{width}x5835.png]
[cdn.shopify.com/s/files/1/0505/5686/2629/products/image_6eac7135-4341-4105-a057-057760cb0ffc_345x345@2x5835.png]
[awokendreams.shop/products/slant-shorts.html]
[cdn.shopify.com/s/files/1/0505/5686/2629/products/image_725345b7-3ea4-4db0-9287-5245ffe46127_{width}x4be3.png]
[cdn.shopify.com/s/files/1/0505/5686/2629/products/image_725345b7-3ea4-4db0-9287-5245ffe46127_345x345@2x4be3.png]
[awokendreams.shop/products/snakeskin-shorts-green.html]
[cdn.shopify.com/s/files/1/0505/5686/2629/products/image_b05a0c95-b6e3-4a73-b9c3-e909fc503124_{width}x1dec.png]
[cdn.shopify.com/s/files/1/0505/5686/2629/products/image_b05a0c95-b6e3-4a73-b9c3-e909fc503124_345x345@2x1dec.png]
[awokendreams.shop/products/starry-night-shorts.html]
[cdn.shopify.com/s/files/1/0505/5686/2629/products/image_98a473ab-9abe-4809-b4d2-6eeb23614f2f_{width}x79e6.png]
[cdn.shopify.com/s/files/1/0505/5686/2629/products/image_98a473ab-9abe-4809-b4d2-6eeb23614f2f_345x345@2x79e6.png]
[awokendreams.shop/products/triple-swirl-shorts.html]
[cdn.shopify.com/s/files/1/0505/5686/2629/products/image_48e0de45-077d-4d89-9a07-d839a34dca86_{width}x555a.png]
[cdn.shopify.com/s/files/1/0505/5686/2629/products/image_48e0de45-077d-4d89-9a07-d839a34dca86_345x345@2x555a.png]
[awokendreams.shop/products/wake-up-and-dream-cream-hoodie.html]
[cdn.shopify.com/s/files/1/0505/5686/2629/products/image_622e8a9c-e532-4c58-9d0e-8e7f138db4a6_{width}xbabe.png]
[cdn.shopify.com/s/files/1/0505/5686/2629/products/image_622e8a9c-e532-4c58-9d0e-8e7f138db4a6_345x345@2xbabe.png]
[awokendreams.shop/products/wake-up-and-dream-hoodie-brown.html]
[cdn.shopify.com/s/files/1/0505/5686/2629/products/image_9ba6d306-6ab5-4590-9c6a-4729ddc2cd20_{width}xfb06.png]
[cdn.shopify.com/s/files/1/0505/5686/2629/products/image_9ba6d306-6ab5-4590-9c6a-4729ddc2cd20_345x345@2xfb06.png]
[awokendreams.shop/products/wake-up-and-dream-hoodie-green.html]
[cdn.shopify.com/s/files/1/0505/5686/2629/products/image_aa1aacdb-36df-44f9-8596-2ef26b1c64f3_{width}xb581.png]
[cdn.shopify.com/s/files/1/0505/5686/2629/products/image_aa1aacdb-36df-44f9-8596-2ef26b1c64f3_345x345@2xb581.png]
[awokendreams.shop/products/wake-up-and-dream-hoodie-grey.html]
[cdn.shopify.com/s/files/1/0505/5686/2629/products/image_952d6bd5-6740-4448-968f-9e4e2fc799e8_{width}x0786.png]
[cdn.shopify.com/s/files/1/0505/5686/2629/products/image_952d6bd5-6740-4448-968f-9e4e2fc799e8_345x345@2x0786.png]
[awokendreams.shop/collections/all9ba9.html]
[awokendreams.shop/products/haze-shorts.oembed]
[cdn.shopify.com/s/files/1/0505/5686/2629/products/image_b3a7c55c-7cc5-4ca1-a2fd-9d10fe4e06d4_720x@2xdca3.png]
[awokendreams.shop/products/haze-shorts.html]
[cdn.shopify.com/s/files/1/0505/5686/2629/products/image_b3a7c55c-7cc5-4ca1-a2fd-9d10fe4e06d4_{width}xdca3.html]
[awokendreams.shop/products/la-shorts.oembed]
[cdn.shopify.com/s/files/1/0505/5686/2629/products/image_4d26d4cd-d225-4808-ba65-1b49e8b6a500_720x@2xec4a.png]
[awokendreams.shop/products/la-shorts.html]
[cdn.shopify.com/s/files/1/0505/5686/2629/products/image_4d26d4cd-d225-4808-ba65-1b49e8b6a500_{width}xec4a.html]
[awokendreams.shop/products/lemonade-basic-shorts.oembed]
[cdn.shopify.com/s/files/1/0505/5686/2629/products/image_8c6965de-c5fd-4f82-bc31-6be449a9097d_720x@2xaf63.png]
[awokendreams.shop/products/lemonade-basic-shorts.html]
[cdn.shopify.com/s/files/1/0505/5686/2629/products/image_8c6965de-c5fd-4f82-bc31-6be449a9097d_{width}xaf63.html]
[awokendreams.shop/products/maroon-rug-shorts.oembed]
[cdn.shopify.com/s/files/1/0505/5686/2629/products/image_cf156934-7089-4369-9f08-e7582f218208_720x@2xeffc.png]
[awokendreams.shop/products/maroon-rug-shorts.html]
[cdn.shopify.com/s/files/1/0505/5686/2629/products/image_cf156934-7089-4369-9f08-e7582f218208_{width}xeffc.html]
[awokendreams.shop/products/olive-basic-shorts.oembed]
[cdn.shopify.com/s/files/1/0505/5686/2629/products/image_08efb029-2b23-4e5f-bf90-33582701b69d_720x@2x1a58.png]
[awokendreams.shop/products/olive-basic-shorts.html]
[cdn.shopify.com/s/files/1/0505/5686/2629/products/image_08efb029-2b23-4e5f-bf90-33582701b69d_{width}x1a58.html]
[awokendreams.shop/products/paint-shorts.oembed]
[cdn.shopify.com/s/files/1/0505/5686/2629/products/image_1c2251a4-e843-498a-8082-9e0994dfe5aa_720x@2xbbd7.png]
[awokendreams.shop/products/paint-shorts.html]
[cdn.shopify.com/s/files/1/0505/5686/2629/products/image_1c2251a4-e843-498a-8082-9e0994dfe5aa_{width}xbbd7.html]
[awokendreams.shop/products/paisley-shorts.oembed]
[cdn.shopify.com/s/files/1/0505/5686/2629/products/image_fa1a6548-6f18-4ba1-b3b3-ba4c276e343b_720x@2xef6a.png]
[awokendreams.shop/products/paisley-shorts.html]
[cdn.shopify.com/s/files/1/0505/5686/2629/products/image_fa1a6548-6f18-4ba1-b3b3-ba4c276e343b_{width}xef6a.html]
[awokendreams.shop/products/patchwork-shorts.oembed]
[cdn.shopify.com/s/files/1/0505/5686/2629/products/image_75cf44fd-2103-42ed-a96c-6f23ba668fa4_720x@2x6a56.png]
[awokendreams.shop/products/patchwork-shorts.html]
[cdn.shopify.com/s/files/1/0505/5686/2629/products/image_75cf44fd-2103-42ed-a96c-6f23ba668fa4_{width}x6a56.html]
[awokendreams.shop/products/pink-cheetah-shorts.oembed]
[cdn.shopify.com/s/files/1/0505/5686/2629/products/image_6c997fdb-f347-4fb1-84de-16dca822276a_720x@2xeea1.png]
[awokendreams.shop/products/pink-cheetah-shorts.html]
[cdn.shopify.com/s/files/1/0505/5686/2629/products/image_6c997fdb-f347-4fb1-84de-16dca822276a_{width}xeea1.html]
[awokendreams.shop/products/purple-swirl-shorts.oembed]
[cdn.shopify.com/s/files/1/0505/5686/2629/products/image_137c39cf-5296-45a7-ace2-e29547692352_720x@2xcdc1.png]
[awokendreams.shop/products/purple-swirl-shorts.html]
[cdn.shopify.com/s/files/1/0505/5686/2629/products/image_137c39cf-5296-45a7-ace2-e29547692352_{width}xcdc1.html]
[awokendreams.shop/products/reaper-shorts.oembed]
[cdn.shopify.com/s/files/1/0505/5686/2629/products/image_720x@2xa8f0.png]
[awokendreams.shop/products/reaper-shorts.html]
[cdn.shopify.com/s/files/1/0505/5686/2629/products/image_{width}xa8f0.html]
[awokendreams.shop/products/santorini-shorts.oembed]
[cdn.shopify.com/s/files/1/0505/5686/2629/products/image_ce52b204-924c-4cf1-bd5d-997d8280b858_720x@2x9df1.png]
[awokendreams.shop/products/santorini-shorts.html]
[cdn.shopify.com/s/files/1/0505/5686/2629/products/image_ce52b204-924c-4cf1-bd5d-997d8280b858_{width}x9df1.html]
[awokendreams.shop/blogs/POST.html]
[awokendreams.shop/blogs/news/POST]
[awokendreams.shop/blogs/news/about-us.html]
[awokendreams.shop/account/POST.html]
[awokendreams.shop/account/register.html]
[awokendreams.shop/products/POST.html]
[awokendreams.shop/products/scream-shorts.oembed]
[cdn.shopify.com/s/files/1/0505/5686/2629/products/image_6eac7135-4341-4105-a057-057760cb0ffc_720x@2x5835.png]
[awokendreams.shop/products/scream-shorts.html]
[cdn.shopify.com/s/files/1/0505/5686/2629/products/image_6eac7135-4341-4105-a057-057760cb0ffc_{width}x5835.html]
[awokendreams.shop/products/slant-shorts.oembed]
[cdn.shopify.com/s/files/1/0505/5686/2629/products/image_725345b7-3ea4-4db0-9287-5245ffe46127_720x@2x4be3.png]
[awokendreams.shop/products/slant-shorts.html]
[cdn.shopify.com/s/files/1/0505/5686/2629/products/image_725345b7-3ea4-4db0-9287-5245ffe46127_{width}x4be3.html]
[awokendreams.shop/products/snakeskin-shorts-green.oembed]
[cdn.shopify.com/s/files/1/0505/5686/2629/products/image_b05a0c95-b6e3-4a73-b9c3-e909fc503124_720x@2x1dec.png]
[awokendreams.shop/products/snakeskin-shorts-green.html]
[cdn.shopify.com/s/files/1/0505/5686/2629/products/image_b05a0c95-b6e3-4a73-b9c3-e909fc503124_{width}x1dec.html]
[awokendreams.shop/products/starry-night-shorts.oembed]
[cdn.shopify.com/s/files/1/0505/5686/2629/products/image_98a473ab-9abe-4809-b4d2-6eeb23614f2f_720x@2x79e6.png]
[awokendreams.shop/products/starry-night-shorts.html]
[cdn.shopify.com/s/files/1/0505/5686/2629/products/image_98a473ab-9abe-4809-b4d2-6eeb23614f2f_{width}x79e6.html]
[awokendreams.shop/products/triple-swirl-shorts.oembed]
[cdn.shopify.com/s/files/1/0505/5686/2629/products/image_48e0de45-077d-4d89-9a07-d839a34dca86_720x@2x555a.png]
[awokendreams.shop/products/triple-swirl-shorts.html]
[cdn.shopify.com/s/files/1/0505/5686/2629/products/image_48e0de45-077d-4d89-9a07-d839a34dca86_{width}x555a.html]
[awokendreams.shop/products/wake-up-and-dream-cream-hoodie.oembed]
[cdn.shopify.com/s/files/1/0505/5686/2629/products/image_622e8a9c-e532-4c58-9d0e-8e7f138db4a6_720x@2xbabe.png]
[awokendreams.shop/products/wake-up-and-dream-cream-hoodie.html]
[cdn.shopify.com/s/files/1/0505/5686/2629/products/image_622e8a9c-e532-4c58-9d0e-8e7f138db4a6_{width}xbabe.html]
[awokendreams.shop/products/wake-up-and-dream-hoodie-brown.oembed]
[cdn.shopify.com/s/files/1/0505/5686/2629/products/image_9ba6d306-6ab5-4590-9c6a-4729ddc2cd20_720x@2xfb06.png]
[awokendreams.shop/products/wake-up-and-dream-hoodie-brown.html]
[cdn.shopify.com/s/files/1/0505/5686/2629/products/image_9ba6d306-6ab5-4590-9c6a-4729ddc2cd20_{width}xfb06.html]
[awokendreams.shop/products/wake-up-and-dream-hoodie-green.oembed]
[cdn.shopify.com/s/files/1/0505/5686/2629/products/image_aa1aacdb-36df-44f9-8596-2ef26b1c64f3_720x@2xb581.png]
[awokendreams.shop/products/wake-up-and-dream-hoodie-green.html]
[cdn.shopify.com/s/files/1/0505/5686/2629/products/image_aa1aacdb-36df-44f9-8596-2ef26b1c64f3_{width}xb581.html]
[awokendreams.shop/products/wake-up-and-dream-hoodie-grey.oembed]
[cdn.shopify.com/s/files/1/0505/5686/2629/products/image_952d6bd5-6740-4448-968f-9e4e2fc799e8_720x@2x0786.png]
[awokendreams.shop/products/wake-up-and-dream-hoodie-grey.html]
[cdn.shopify.com/s/files/1/0505/5686/2629/products/image_952d6bd5-6740-4448-968f-9e4e2fc799e8_{width}x0786.html]
[awokendreams.shop/blogs/news/POST.html]
